-bash: dated: command not found
